======================================================================
INCREASE_COMPLEXITY-04: Stain Normalization + Patient Shift Analysis
======================================================================
Date: 2026-08-09 01:21:40 UTC
Device: cuda
GPU: NVIDIA L4

PBC classes (8): ['monocyte', 'ig', 'neutrophil', 'basophil', 'lymphocyte', 'erythroblast', 'eosinophil', 'platelet']
Blood5 classes (5): ['basophil', 'eosinophil', 'lymphocyte', 'monocyte', 'neutrophil']
PBC-only (masked) indices: [1, 5, 7]
PBC shared in Blood5 order: [3, 6, 4, 0, 2]

=== ACQUIRING BLOOD_5 DATASET ===
Found cached Blood5 data at /workspace/_weights/
Blood5: N=5175, shape=(5175, 150, 150, 3)
Blood5 class counts: {'basophil': 132, 'eosinophil': 148, 'lymphocyte': 1241, 'monocyte': 642, 'neutrophil': 3012}

=== LOADING PBC SOURCE DATASET ===
Warning: You are sending unauthenticated requests to the HF Hub. Please set a HF_TOKEN to enable higher rate limits and faster downloads.
PBC total: 17092 images, classes: ['monocyte', 'ig', 'neutrophil', 'basophil', 'lymphocyte', 'erythroblast', 'eosinophil', 'platelet']
Loaded in 0.9s

=== ARM B: Checking PBC Dataset for Patient IDs ===
PBC features: {'image': Image(mode=None, decode=True), 'label': ClassLabel(names=['monocyte', 'ig', 'neutrophil', 'basophil', 'lymphocyte', 'erythroblast', 'eosinophil', 'platelet'])}
PBC sample item keys: ['image', 'label']
Sample item (non-image): [('label', 0)]
Has 'filename' field: False
Has 'patient_id' field: False
Has 'image_id' field: False

ARM B feasibility: False
ARM B reason: Barcelona PBC (Docty/Blood-Cells on HuggingFace) does not expose patient/subject IDs — only 'image' and 'label' fields present. Cannot construct patient-stratified split.

=== PBC DATASET SPLIT ===
PBC split: train=11959 val=2561 test=2572

=== COMPUTING PBC REFERENCE STATISTICS FOR STAIN NORMALISATION ===
Sampling PBC training images for reference statistics ...
Loaded 300 PBC sample images in 1.0s, shape=(300, 150, 150, 3)
Computing PBC LAB statistics (Reinhard target) ...
PBC LAB means: [79.90885   11.075524   7.1284685]
PBC LAB stds:  [15.8723545  9.343518  14.734277 ]
Computing Blood5 LAB statistics (Reinhard source) ...
Blood5 LAB means: [ 66.59651   11.588927 -14.376317]
Blood5 LAB stds:  [24.022686 19.439072 22.570423]
Computing PBC Macenko stain matrix ...
PBC stain matrix: [[0.65 0.27]
 [0.7  0.57]
 [0.29 0.78]]
PBC max sat: [1. 1.]
Macenko computation time: 0.2s

=== APPLYING STAIN NORMALISATIONS TO BLOOD5 ===
Applying Reinhard normalization to Blood5 ...
Reinhard done in 6.4s, shape=(5175, 150, 150, 3)
Applying Macenko normalization to Blood5 ...
Macenko done in 11.3s, shape=(5175, 150, 150, 3)

======================================================================
SEED 0 (1/3)
======================================================================
  Loading existing checkpoint: /workspace/_weights/resnet18_pbc_ic04_seed0.pt
  Collecting logits for all datasets ...
  Temperature T*=1.3122
  [ARM A] Evaluating raw / Reinhard / Macenko Blood5 ...
    raw        noT: acc=0.1254  ECE=0.7855  conf_gap=-0.0270
    raw         T:  acc=0.1254  ECE=0.7248  conf_gap=-0.0317
    reinhard   noT: acc=0.1671  ECE=0.4045  conf_gap=-0.0153
    reinhard    T:  acc=0.1671  ECE=0.3328  conf_gap=-0.0087
    macenko    noT: acc=0.1254  ECE=0.7855  conf_gap=-0.0270
    macenko     T:  acc=0.1254  ECE=0.7248  conf_gap=-0.0317
    PBC in-domain: acc=0.9891 ECE_noT=0.0055 ECE_T=0.0035

======================================================================
SEED 1 (2/3)
======================================================================
  Loading existing checkpoint: /workspace/_weights/resnet18_pbc_ic04_seed1.pt
  Collecting logits for all datasets ...
  Temperature T*=1.3037
  [ARM A] Evaluating raw / Reinhard / Macenko Blood5 ...
    raw        noT: acc=0.1316  ECE=0.6615  conf_gap=0.0823
    raw         T:  acc=0.1316  ECE=0.5834  conf_gap=0.0999
    reinhard   noT: acc=0.1389  ECE=0.5604  conf_gap=0.0197
    reinhard    T:  acc=0.1389  ECE=0.4785  conf_gap=0.0293
    macenko    noT: acc=0.1316  ECE=0.6615  conf_gap=0.0823
    macenko     T:  acc=0.1316  ECE=0.5834  conf_gap=0.0999
    PBC in-domain: acc=0.9911 ECE_noT=0.0034 ECE_T=0.0013

======================================================================
SEED 2 (3/3)
======================================================================
  Loading existing checkpoint: /workspace/_weights/resnet18_pbc_ic04_seed2.pt
  Collecting logits for all datasets ...
  Temperature T*=1.3166
  [ARM A] Evaluating raw / Reinhard / Macenko Blood5 ...
    raw        noT: acc=0.1281  ECE=0.6629  conf_gap=0.0390
    raw         T:  acc=0.1281  ECE=0.5703  conf_gap=0.0453
    reinhard   noT: acc=0.1637  ECE=0.4643  conf_gap=-0.0125
    reinhard    T:  acc=0.1637  ECE=0.3802  conf_gap=-0.0098
    macenko    noT: acc=0.1281  ECE=0.6629  conf_gap=0.0390
    macenko     T:  acc=0.1281  ECE=0.5703  conf_gap=0.0453
    PBC in-domain: acc=0.9907 ECE_noT=0.0035 ECE_T=0.0017


=== AGGREGATE RESULTS ===
T_star: {'mean': 1.3108304738998413, 'std': 0.0053180772962629404, 'per_seed': [1.312188744544983, 1.303745150566101, 1.31655752658844]}
  raw_no_T_acc: 0.1284 ± 0.0025  per_seed=[0.1254, 0.1316, 0.1281]
  raw_no_T_ece_15bin: 0.7033 ± 0.0582  per_seed=[0.7855, 0.6615, 0.6629]
  raw_no_T_conf_gap: 0.0314 ± 0.0450  per_seed=[-0.027, 0.0823, 0.039]
  raw_with_T_acc: 0.1284 ± 0.0025  per_seed=[0.1254, 0.1316, 0.1281]
  raw_with_T_ece_15bin: 0.6262 ± 0.0699  per_seed=[0.7248, 0.5834, 0.5703]
  raw_with_T_conf_gap: 0.0378 ± 0.0540  per_seed=[-0.0317, 0.0999, 0.0453]
  reinhard_no_T_acc: 0.1566 ± 0.0126  per_seed=[0.1671, 0.1389, 0.1637]
  reinhard_no_T_ece_15bin: 0.4764 ± 0.0642  per_seed=[0.4045, 0.5604, 0.4643]
  reinhard_no_T_conf_gap: -0.0027 ± 0.0159  per_seed=[-0.0153, 0.0197, -0.0125]
  reinhard_with_T_acc: 0.1566 ± 0.0126  per_seed=[0.1671, 0.1389, 0.1637]
  reinhard_with_T_ece_15bin: 0.3972 ± 0.0607  per_seed=[0.3328, 0.4785, 0.3802]
  reinhard_with_T_conf_gap: 0.0036 ± 0.0182  per_seed=[-0.0087, 0.0293, -0.0098]
  macenko_no_T_acc: 0.1284 ± 0.0025  per_seed=[0.1254, 0.1316, 0.1281]
  macenko_no_T_ece_15bin: 0.7033 ± 0.0582  per_seed=[0.7855, 0.6615, 0.6629]
  macenko_no_T_conf_gap: 0.0314 ± 0.0450  per_seed=[-0.027, 0.0823, 0.039]
  macenko_with_T_acc: 0.1284 ± 0.0025  per_seed=[0.1254, 0.1316, 0.1281]
  macenko_with_T_ece_15bin: 0.6262 ± 0.0699  per_seed=[0.7248, 0.5834, 0.5703]
  macenko_with_T_conf_gap: 0.0378 ± 0.0540  per_seed=[-0.0317, 0.0999, 0.0453]

=== ARM A VERDICT ===
Raw accuracy:      0.1284
Reinhard accuracy: 0.1566
Macenko accuracy:  0.1284
Best normalised:   0.1566
Chance floor (5c): 0.2000

ARM A verdict: irreducible_shift
  raw_acc=0.128  best_norm_acc=0.157  improvement=0.028
  raw_ece=0.703  reinhard_ece=0.476  macenko_ece=0.703
Interpretation: Stain normalization does NOT substantially recover accuracy. Raw acc=0.128 → normalised acc=0.157 (+0.028, below 10% threshold). The cross-site collapse is an irreducible representation shift, confirming the 'genuine_domain_shift' verdict from ablation-03.

=== ARM B RESULTS ===
ARM B not feasible: Barcelona PBC (Docty/Blood-Cells on HuggingFace) does not expose patient/subject IDs — only 'image' and 'label' fields present. Cannot construct patient-stratified split.

Wrote /workspace/results/increase_complexity-04/LOG.md
Wrote /workspace/results/increase_complexity-04/RESULTS.json

=== FINAL SUMMARY ===
ARM A verdict: irreducible_shift
ARM B feasible: False
Raw acc: 0.1284 → Reinhard: 0.1566 → Macenko: 0.1284

Full results in /workspace/results/increase_complexity-04/RESULTS.json
