Warning: You are sending unauthenticated requests to the HF Hub. Please set a HF_TOKEN to enable higher rate limits and faster downloads.
=== CLASS VOCABULARY AUDIT ===
PBC classes (8):    ['monocyte', 'ig', 'neutrophil', 'basophil', 'lymphocyte', 'erythroblast', 'eosinophil', 'platelet']
Blood5 classes (5): ['basophil', 'eosinophil', 'lymphocyte', 'monocyte', 'neutrophil']
Blood5→PBC index mapping: {0: 3, 1: 6, 2: 4, 3: 0, 4: 2}
PBC shared indices in Blood5 order: [3, 6, 4, 0, 2]

Device: cuda
GPU: NVIDIA L4

=== LOADING BLOOD5 TARGET DATASET ===
Blood5 test: N=5175, shape=(5175, 150, 150, 3)
Source URL: https://zenodo.org/records/21628834
DOI: 10.5281/zenodo.21628834
Author: Hao WANG (NOT Barcelona PBC)
Published: 2026-07-27
Image dimensions: 150×150×3 pixels
Classes (5): ['basophil', 'eosinophil', 'lymphocyte', 'monocyte', 'neutrophil']
Label counts: {0: 132, 1: 148, 2: 1241, 3: 642, 4: 3012}

=== LOADING PBC SOURCE DATASET ===
Generating train split:   0%|          | 0/17092 [00:00<?, ? examples/s]Generating train split:  43%|████▎     | 7400/17092 [00:00<00:00, 71926.79 examples/s]Generating train split: 100%|██████████| 17092/17092 [00:00<00:00, 87040.56 examples/s]
PBC total: 17092 images, classes: ['monocyte', 'ig', 'neutrophil', 'basophil', 'lymphocyte', 'erythroblast', 'eosinophil', 'platelet']
Loaded in 13.0s
PBC split: train=11959 val=2561 test=2572

============================================================
SEED 0 (1/3)
============================================================
Downloading: "https://download.pytorch.org/models/resnet18-f37072fd.pth" to /root/.cache/torch/hub/checkpoints/resnet18-f37072fd.pth
  0%|          | 0.00/44.7M [00:00<?, ?B/s] 31%|███▏      | 14.0M/44.7M [00:00<00:00, 147MB/s] 63%|██████▎   | 28.0M/44.7M [00:00<00:00, 141MB/s] 93%|█████████▎| 41.6M/44.7M [00:00<00:00, 130MB/s]100%|██████████| 44.7M/44.7M [00:00<00:00, 133MB/s]
  Ep 1: train=0.2278/0.929  val=0.0977/0.963
  Ep 2: train=0.0563/0.983  val=0.0943/0.966
  Ep 3: train=0.0367/0.988  val=0.0820/0.968
  Ep 4: train=0.0267/0.991  val=0.0678/0.975
  Ep 5: train=0.0156/0.995  val=0.0546/0.982
  Ep 6: train=0.0120/0.997  val=0.0530/0.984
  Ep 7: train=0.0102/0.997  val=0.0638/0.982
  Ep 8: train=0.0058/0.999  val=0.0583/0.981
  Ep 9: train=0.0041/0.999  val=0.0518/0.985
  Ep10: train=0.0032/0.999  val=0.0527/0.985
  Ep11: train=0.0022/0.999  val=0.0575/0.986
  Ep12: train=0.0019/1.000  val=0.0507/0.987
  Ep13: train=0.0017/1.000  val=0.0516/0.986
  Ep14: train=0.0016/1.000  val=0.0521/0.985
  Ep15: train=0.0012/1.000  val=0.0516/0.986
  Best val loss: 0.0507
  Collecting PBC val logits...
  Collecting PBC test logits...
  Collecting Blood5 logits...
  PBC test: acc=0.9891  ECE_raw=0.0055
  Temperature T*=1.3121
  PBC test ECE_T: 0.0035
  Evaluating on Blood5 (no T)...
  Evaluating on Blood5 (with T)...
  Blood5 Scenario C (no T): acc=0.1254 ECE=0.7855
  Blood5 Scenario C (T=1.31): acc=0.1254 ECE=0.7248

  SEED 0 SUMMARY:
    PBC test acc=0.9891  ECE_noT=0.0055  ECE_T=0.0035  T*=1.312
    Blood5 scenario_A: acc_noT=0.0228 ECE_noT=0.7498 acc_T=0.0228 ECE_T=0.6802
    Blood5 scenario_B: acc_noT=0.0356 ECE_noT=0.7370 acc_T=0.0356 ECE_T=0.6674
    Blood5 scenario_C: acc_noT=0.1254 ECE_noT=0.7855 acc_T=0.1254 ECE_T=0.7248

============================================================
SEED 1 (2/3)
============================================================
  Ep 1: train=0.2193/0.933  val=0.1736/0.941
  Ep 2: train=0.0560/0.982  val=0.0745/0.973
  Ep 3: train=0.0415/0.987  val=0.0815/0.972
  Ep 4: train=0.0248/0.992  val=0.0546/0.980
  Ep 5: train=0.0161/0.995  val=0.0603/0.980
  Ep 6: train=0.0134/0.995  val=0.0562/0.982
  Ep 7: train=0.0084/0.998  val=0.0635/0.982
  Ep 8: train=0.0056/0.999  val=0.0533/0.985
  Ep 9: train=0.0035/0.999  val=0.0688/0.982
  Ep10: train=0.0028/1.000  val=0.0500/0.985
  Ep11: train=0.0016/1.000  val=0.0540/0.985
  Ep12: train=0.0015/1.000  val=0.0535/0.986
  Ep13: train=0.0015/1.000  val=0.0517/0.985
  Ep14: train=0.0013/1.000  val=0.0526/0.984
  Ep15: train=0.0013/1.000  val=0.0518/0.984
  Early stop at epoch 15
  Best val loss: 0.0500
  Collecting PBC val logits...
  Collecting PBC test logits...
  Collecting Blood5 logits...
  PBC test: acc=0.9911  ECE_raw=0.0034
  Temperature T*=1.3035
  PBC test ECE_T: 0.0013
  Evaluating on Blood5 (no T)...
  Evaluating on Blood5 (with T)...
  Blood5 Scenario C (no T): acc=0.1316 ECE=0.6615
  Blood5 Scenario C (T=1.30): acc=0.1316 ECE=0.5835

  SEED 1 SUMMARY:
    PBC test acc=0.9911  ECE_noT=0.0034  ECE_T=0.0013  T*=1.303
    Blood5 scenario_A: acc_noT=0.0228 ECE_noT=0.7417 acc_T=0.0228 ECE_T=0.6719
    Blood5 scenario_B: acc_noT=0.0251 ECE_noT=0.7394 acc_T=0.0251 ECE_T=0.6696
    Blood5 scenario_C: acc_noT=0.1316 ECE_noT=0.6615 acc_T=0.1316 ECE_T=0.5835

============================================================
SEED 2 (3/3)
============================================================
  Ep 1: train=0.2268/0.931  val=0.0836/0.974
  Ep 2: train=0.0597/0.981  val=0.1045/0.966
  Ep 3: train=0.0343/0.989  val=0.0814/0.975
  Ep 4: train=0.0201/0.994  val=0.0881/0.972
  Ep 5: train=0.0193/0.993  val=0.0586/0.979
  Ep 6: train=0.0117/0.996  val=0.0714/0.978
  Ep 7: train=0.0105/0.997  val=0.0612/0.983
  Ep 8: train=0.0063/0.998  val=0.0547/0.984
  Ep 9: train=0.0033/0.999  val=0.0692/0.983
  Ep10: train=0.0039/0.999  val=0.0551/0.984
  Ep11: train=0.0026/1.000  val=0.0523/0.986
  Ep12: train=0.0012/1.000  val=0.0546/0.986
  Ep13: train=0.0015/1.000  val=0.0547/0.986
  Ep14: train=0.0014/1.000  val=0.0536/0.987
  Ep15: train=0.0011/1.000  val=0.0537/0.987
  Best val loss: 0.0523
  Collecting PBC val logits...
  Collecting PBC test logits...
  Collecting Blood5 logits...
  PBC test: acc=0.9907  ECE_raw=0.0035
  Temperature T*=1.3165
  PBC test ECE_T: 0.0017
  Evaluating on Blood5 (no T)...
  Evaluating on Blood5 (with T)...
  Blood5 Scenario C (no T): acc=0.1281 ECE=0.6629
  Blood5 Scenario C (T=1.32): acc=0.1281 ECE=0.5703

  SEED 2 SUMMARY:
    PBC test acc=0.9907  ECE_noT=0.0035  ECE_T=0.0017  T*=1.316
    Blood5 scenario_A: acc_noT=0.0222 ECE_noT=0.7458 acc_T=0.0222 ECE_T=0.6674
    Blood5 scenario_B: acc_noT=0.0141 ECE_noT=0.7539 acc_T=0.0141 ECE_T=0.6755
    Blood5 scenario_C: acc_noT=0.1281 ECE_noT=0.6629 acc_T=0.1281 ECE_T=0.5703


=== AGGREGATE RESULTS ===
  pbc_test.acc: mean=0.9903 ± 0.0008
  pbc_test.ece_15bin_no_T: mean=0.0041 ± 0.0010
  pbc_test.ece_15bin_with_T: mean=0.0022 ± 0.0009
  T_star: mean=1.3107 ± 0.0054
  blood5.scenario_A.acc_noT: mean=0.0226 ± 0.0003
  blood5.scenario_A.ece_15bin_noT: mean=0.7458 ± 0.0033
  blood5.scenario_A.acc_T: mean=0.0226 ± 0.0003
  blood5.scenario_A.ece_15bin_T: mean=0.6731 ± 0.0053
  blood5.scenario_B.acc_noT: mean=0.0249 ± 0.0088
  blood5.scenario_B.ece_15bin_noT: mean=0.7434 ± 0.0075
  blood5.scenario_B.acc_T: mean=0.0249 ± 0.0088
  blood5.scenario_B.ece_15bin_T: mean=0.6708 ± 0.0034
  blood5.scenario_C.acc_noT: mean=0.1284 ± 0.0025
  blood5.scenario_C.ece_15bin_noT: mean=0.7033 ± 0.0582
  blood5.scenario_C.acc_T: mean=0.1284 ± 0.0025
  blood5.scenario_C.ece_15bin_T: mean=0.6262 ± 0.0699

Wrote /workspace/results/refine-01/LOG.md
Wrote /workspace/results/refine-01/RESULTS.json

=== FINAL SUMMARY ===
{
  "pbc_test.acc": {
    "mean": 0.9902799377916018,
    "std": 0.0008399093699336252,
    "per_seed": [
      0.9891135303265941,
      0.9910575427682737,
      0.9906687402799378
    ]
  },
  "pbc_test.ece_15bin_no_T": {
    "mean": 0.004121787340113263,
    "std": 0.0009593650510926274,
    "per_seed": [
      0.005477957184170118,
      0.003409431914148584,
      0.003477972922021088
    ]
  },
  "pbc_test.ece_15bin_with_T": {
    "mean": 0.0021528970042679106,
    "std": 0.0009339449151775437,
    "per_seed": [
      0.003461160704284957,
      0.0013415575676349984,
      0.0016559727408837766
    ]
  },
  "T_star": {
    "mean": 1.3106805483500164,
    "std": 0.005406433645140287,
    "per_seed": [
      1.3121235370635986,
      1.3034565448760986,
      1.3164615631103516
    ]
  },
  "blood5.scenario_A.acc_noT": {
    "mean": 0.022608695652173914,
    "std": 0.0002732779830672646,
    "per_seed": [
      0.02280193236714976,
      0.02280193236714976,
      0.022222222222222223
    ]
  },
  "blood5.scenario_A.ece_15bin_noT": {
    "mean": 0.7457647056452893,
    "std": 0.0032970143686406545,
    "per_seed": [
      0.749794955380297,
      0.7417189968899253,
      0.745780164665646
    ]
  },
  "blood5.scenario_A.acc_T": {
    "mean": 0.022608695652173914,
    "std": 0.0002732779830672646,
    "per_seed": [
      0.02280193236714976,
      0.02280193236714976,
      0.022222222222222223
    ]
  },
  "blood5.scenario_A.ece_15bin_T": {
    "mean": 0.6731429673968882,
    "std": 0.005281582513055312,
    "per_seed": [
      0.6801506989474457,
      0.6718777272378764,
      0.6674004760053422
    ]
  },
  "blood5.scenario_B.acc_noT": {
    "mean": 0.024927536231884057,
    "std": 0.008757695995072201,
    "per_seed": [
      0.035555555555555556,
      0.025120772946859903,
      0.014106280193236715
    ]
  },
  "blood5.scenario_B.ece_15bin_noT": {
    "mean": 0.7434458650655792,
    "std": 0.007451920351358145,
    "per_seed": [
      0.7370413321918912,
      0.7394001563102152,
      0.7538961066946315
    ]
  },
  "blood5.scenario_B.acc_T": {
    "mean": 0.024927536231884057,
    "std": 0.008757695995072201,
    "per_seed": [
      0.035555555555555556,
      0.025120772946859903,
      0.014106280193236715
    ]
  },
  "blood5.scenario_B.ece_15bin_T": {
    "mean": 0.6708241268171781,
    "std": 0.003433322418183378,
    "per_seed": [
      0.6673970757590401,
      0.6695588866581663,
      0.6755164180343278
    ]
  },
  "blood5.scenario_C.acc_noT": {
    "mean": 0.12837359098228665,
    "std": 0.002530999382207857,
    "per_seed": [
      0.12541062801932368,
      0.13159420289855073,
      0.12811594202898552
    ]
  },
  "blood5.scenario_C.ece_15bin_noT": {
    "mean": 0.7032945779863379,
    "std": 0.05815612662526242,
    "per_seed": [
      0.7855359755967549,
      0.6614905158851458,
      0.6628572424771128
    ]
  },
  "blood5.scenario_C.acc_T": {
    "mean": 0.12837359098228665,
    "std": 0.002530999382207857,
    "per_seed": [
      0.12541062801932368,
      0.13159420289855073,
      0.12811594202898552
    ]
  },
  "blood5.scenario_C.ece_15bin_T": {
    "mean": 0.626205871625415,
    "std": 0.0699222812083938,
    "per_seed": [
      0.7247979564482463,
      0.5834968408121579,
      0.5703228176158407
    ]
  }
}

Status: SUCCESS
Cross-site data obtained: True
Dataset: Blood_5 | https://zenodo.org/records/21628834
N target samples: 5175
